###############################################################################
#
# IAR ELF Linker V7.70.1.11437/W32 for ARM                01/Oct/2017  18:19:22
# Copyright 2007-2016 IAR Systems AB.
#
#    Output file  =  
#        D:\STM32F746NG_DISCOVERY\03-EXT_INTERRUPT\EWARM\EXT_INTERRUPT\Exe\EXT_INTERRUPT.out
#    Map file     =  
#        D:\STM32F746NG_DISCOVERY\03-EXT_INTERRUPT\EWARM\EXT_INTERRUPT\List\EXT_INTERRUPT.map
#    Command line =  
#        D:\STM32F746NG_DISCOVERY\03-EXT_INTERRUPT\EWARM\EXT_INTERRUPT\Obj\main.o
#        D:\STM32F746NG_DISCOVERY\03-EXT_INTERRUPT\EWARM\EXT_INTERRUPT\Obj\startup_stm32f746xx.o
#        D:\STM32F746NG_DISCOVERY\03-EXT_INTERRUPT\EWARM\EXT_INTERRUPT\Obj\stm32f7xx_hal.o
#        D:\STM32F746NG_DISCOVERY\03-EXT_INTERRUPT\EWARM\EXT_INTERRUPT\Obj\stm32f7xx_hal_cortex.o
#        D:\STM32F746NG_DISCOVERY\03-EXT_INTERRUPT\EWARM\EXT_INTERRUPT\Obj\stm32f7xx_hal_dma.o
#        D:\STM32F746NG_DISCOVERY\03-EXT_INTERRUPT\EWARM\EXT_INTERRUPT\Obj\stm32f7xx_hal_dma_ex.o
#        D:\STM32F746NG_DISCOVERY\03-EXT_INTERRUPT\EWARM\EXT_INTERRUPT\Obj\stm32f7xx_hal_flash.o
#        D:\STM32F746NG_DISCOVERY\03-EXT_INTERRUPT\EWARM\EXT_INTERRUPT\Obj\stm32f7xx_hal_flash_ex.o
#        D:\STM32F746NG_DISCOVERY\03-EXT_INTERRUPT\EWARM\EXT_INTERRUPT\Obj\stm32f7xx_hal_gpio.o
#        D:\STM32F746NG_DISCOVERY\03-EXT_INTERRUPT\EWARM\EXT_INTERRUPT\Obj\stm32f7xx_hal_i2c.o
#        D:\STM32F746NG_DISCOVERY\03-EXT_INTERRUPT\EWARM\EXT_INTERRUPT\Obj\stm32f7xx_hal_i2c_ex.o
#        D:\STM32F746NG_DISCOVERY\03-EXT_INTERRUPT\EWARM\EXT_INTERRUPT\Obj\stm32f7xx_hal_msp.o
#        D:\STM32F746NG_DISCOVERY\03-EXT_INTERRUPT\EWARM\EXT_INTERRUPT\Obj\stm32f7xx_hal_pwr.o
#        D:\STM32F746NG_DISCOVERY\03-EXT_INTERRUPT\EWARM\EXT_INTERRUPT\Obj\stm32f7xx_hal_pwr_ex.o
#        D:\STM32F746NG_DISCOVERY\03-EXT_INTERRUPT\EWARM\EXT_INTERRUPT\Obj\stm32f7xx_hal_rcc.o
#        D:\STM32F746NG_DISCOVERY\03-EXT_INTERRUPT\EWARM\EXT_INTERRUPT\Obj\stm32f7xx_hal_rcc_ex.o
#        D:\STM32F746NG_DISCOVERY\03-EXT_INTERRUPT\EWARM\EXT_INTERRUPT\Obj\stm32f7xx_hal_tim.o
#        D:\STM32F746NG_DISCOVERY\03-EXT_INTERRUPT\EWARM\EXT_INTERRUPT\Obj\stm32f7xx_hal_tim_ex.o
#        D:\STM32F746NG_DISCOVERY\03-EXT_INTERRUPT\EWARM\EXT_INTERRUPT\Obj\stm32f7xx_it.o
#        D:\STM32F746NG_DISCOVERY\03-EXT_INTERRUPT\EWARM\EXT_INTERRUPT\Obj\system_stm32f7xx.o
#        --redirect _Printf=_PrintfFull --redirect _Scanf=_ScanfFull -o
#        D:\STM32F746NG_DISCOVERY\03-EXT_INTERRUPT\EWARM\EXT_INTERRUPT\Exe\EXT_INTERRUPT.out
#        --map
#        D:\STM32F746NG_DISCOVERY\03-EXT_INTERRUPT\EWARM\EXT_INTERRUPT\List\EXT_INTERRUPT.map
#        --config
#        D:\STM32F746NG_DISCOVERY\03-EXT_INTERRUPT\EWARM/stm32f746xx_flash.icf
#        --semihosting --entry __iar_program_start --vfe
#
###############################################################################

*******************************************************************************
*** RUNTIME MODEL ATTRIBUTES
***

CppFlavor       = *
__SystemLibrary = DLib


*******************************************************************************
*** PLACEMENT SUMMARY
***

"A0":  place at 0x08000000 { ro section .intvec };
"P1":  place in [from 0x08000000 to 0x080fffff] { ro };
"P2":  place in [from 0x20000000 to 0x2004ffff] { rw, block CSTACK, block HEAP };
initialize by copy { rw };

  Section            Kind        Address   Size  Object
  -------            ----        -------   ----  ------
"A0":                                     0x1c8
  .intvec            ro code  0x08000000  0x1c8  startup_stm32f746xx.o [1]
                            - 0x080001c8  0x1c8

"P1":                                     0xd30
  .text              ro code  0x080001c8  0x424  stm32f7xx_hal_rcc.o [1]
  .text              ro code  0x080005ec    0xc  stm32f7xx_hal.o [1]
  .text              ro code  0x080005f8   0x28  stm32f7xx_hal.o [1]
  .text              ro code  0x08000620   0xde  stm32f7xx_hal_cortex.o [1]
  .text              ro code  0x08000700  0x210  stm32f7xx_hal_gpio.o [1]
  .text              ro code  0x08000910  0x1c8  main.o [1]
  .text              ro code  0x08000ad8   0x76  stm32f7xx_hal_pwr_ex.o [1]
  .text              ro code  0x08000b50   0x24  stm32f7xx_hal.o [1]
  .text              ro code  0x08000b74   0x70  stm32f7xx_hal_msp.o [1]
  .text              ro code  0x08000be4   0x60  system_stm32f7xx.o [1]
  .text              ro code  0x08000c44   0x2c  copy_init3.o [5]
  .text              ro code  0x08000c70   0x28  data_init.o [5]
  .text              ro code  0x08000c98   0x22  fpinit_M.o [4]
  .iar.init_table    const    0x08000cbc   0x14  - Linker created -
  .text              ro code  0x08000cd0   0x1c  stm32f7xx_it.o [1]
  .text              ro code  0x08000cec   0x10  stm32f7xx_hal.o [1]
  .text              ro code  0x08000cfc   0x1a  cmain.o [5]
  .text              ro code  0x08000d16    0x4  low_level_init.o [3]
  .text              ro code  0x08000d1a    0x4  exit.o [3]
  .text              ro code  0x08000d20    0xa  cexit.o [5]
  .text              ro code  0x08000d2c   0x14  exit.o [6]
  .text              ro code  0x08000d40   0x10  startup_stm32f746xx.o [1]
  .text              ro code  0x08000d50    0xc  cstartup_M.o [5]
  Initializer bytes  const    0x08000d5c    0x8  <for P2-1>
  .text              ro code  0x08000d64    0x4  startup_stm32f746xx.o [1]
  .text              ro code  0x08000d68    0x4  startup_stm32f746xx.o [1]
  .text              ro code  0x08000d6c    0x4  startup_stm32f746xx.o [1]
  .text              ro code  0x08000d70    0x4  startup_stm32f746xx.o [1]
  .text              ro code  0x08000d74    0x4  startup_stm32f746xx.o [1]
  .text              ro code  0x08000d78    0x4  startup_stm32f746xx.o [1]
  .text              ro code  0x08000d7c    0x4  startup_stm32f746xx.o [1]
  .text              ro code  0x08000d80    0x4  startup_stm32f746xx.o [1]
  .text              ro code  0x08000d84    0x4  startup_stm32f746xx.o [1]
  .text              ro code  0x08000d88    0x4  startup_stm32f746xx.o [1]
  .text              ro code  0x08000d8c    0x4  startup_stm32f746xx.o [1]
  .text              ro code  0x08000d90    0x4  startup_stm32f746xx.o [1]
  .text              ro code  0x08000d94    0x4  startup_stm32f746xx.o [1]
  .text              ro code  0x08000d98    0x4  startup_stm32f746xx.o [1]
  .text              ro code  0x08000d9c    0x4  startup_stm32f746xx.o [1]
  .text              ro code  0x08000da0    0x4  startup_stm32f746xx.o [1]
  .text              ro code  0x08000da4    0x4  startup_stm32f746xx.o [1]
  .text              ro code  0x08000da8    0x4  startup_stm32f746xx.o [1]
  .text              ro code  0x08000dac    0x4  startup_stm32f746xx.o [1]
  .text              ro code  0x08000db0    0x4  startup_stm32f746xx.o [1]
  .text              ro code  0x08000db4    0x4  startup_stm32f746xx.o [1]
  .text              ro code  0x08000db8    0x4  startup_stm32f746xx.o [1]
  .text              ro code  0x08000dbc    0x4  startup_stm32f746xx.o [1]
  .text              ro code  0x08000dc0    0x4  startup_stm32f746xx.o [1]
  .text              ro code  0x08000dc4    0x4  startup_stm32f746xx.o [1]
  .text              ro code  0x08000dc8    0x4  startup_stm32f746xx.o [1]
  .text              ro code  0x08000dcc    0x4  startup_stm32f746xx.o [1]
  .text              ro code  0x08000dd0    0x4  startup_stm32f746xx.o [1]
  .text              ro code  0x08000dd4    0x4  startup_stm32f746xx.o [1]
  .text              ro code  0x08000dd8    0x4  startup_stm32f746xx.o [1]
  .text              ro code  0x08000ddc    0x4  startup_stm32f746xx.o [1]
  .text              ro code  0x08000de0    0x4  startup_stm32f746xx.o [1]
  .text              ro code  0x08000de4    0x4  startup_stm32f746xx.o [1]
  .text              ro code  0x08000de8    0x4  startup_stm32f746xx.o [1]
  .text              ro code  0x08000dec    0x4  startup_stm32f746xx.o [1]
  .text              ro code  0x08000df0    0x4  startup_stm32f746xx.o [1]
  .text              ro code  0x08000df4    0x4  startup_stm32f746xx.o [1]
  .text              ro code  0x08000df8    0x4  startup_stm32f746xx.o [1]
  .text              ro code  0x08000dfc    0x4  startup_stm32f746xx.o [1]
  .text              ro code  0x08000e00    0x4  startup_stm32f746xx.o [1]
  .text              ro code  0x08000e04    0x4  startup_stm32f746xx.o [1]
  .text              ro code  0x08000e08    0x4  startup_stm32f746xx.o [1]
  .text              ro code  0x08000e0c    0x4  startup_stm32f746xx.o [1]
  .text              ro code  0x08000e10    0x4  startup_stm32f746xx.o [1]
  .text              ro code  0x08000e14    0x4  startup_stm32f746xx.o [1]
  .text              ro code  0x08000e18    0x4  startup_stm32f746xx.o [1]
  .text              ro code  0x08000e1c    0x4  startup_stm32f746xx.o [1]
  .text              ro code  0x08000e20    0x4  startup_stm32f746xx.o [1]
  .text              ro code  0x08000e24    0x4  startup_stm32f746xx.o [1]
  .text              ro code  0x08000e28    0x4  startup_stm32f746xx.o [1]
  .text              ro code  0x08000e2c    0x4  startup_stm32f746xx.o [1]
  .text              ro code  0x08000e30    0x4  startup_stm32f746xx.o [1]
  .text              ro code  0x08000e34    0x4  startup_stm32f746xx.o [1]
  .text              ro code  0x08000e38    0x4  startup_stm32f746xx.o [1]
  .text              ro code  0x08000e3c    0x4  startup_stm32f746xx.o [1]
  .text              ro code  0x08000e40    0x4  startup_stm32f746xx.o [1]
  .text              ro code  0x08000e44    0x4  startup_stm32f746xx.o [1]
  .text              ro code  0x08000e48    0x4  startup_stm32f746xx.o [1]
  .text              ro code  0x08000e4c    0x4  startup_stm32f746xx.o [1]
  .text              ro code  0x08000e50    0x4  startup_stm32f746xx.o [1]
  .text              ro code  0x08000e54    0x4  startup_stm32f746xx.o [1]
  .text              ro code  0x08000e58    0x4  startup_stm32f746xx.o [1]
  .text              ro code  0x08000e5c    0x4  startup_stm32f746xx.o [1]
  .text              ro code  0x08000e60    0x4  startup_stm32f746xx.o [1]
  .text              ro code  0x08000e64    0x4  startup_stm32f746xx.o [1]
  .text              ro code  0x08000e68    0x4  startup_stm32f746xx.o [1]
  .text              ro code  0x08000e6c    0x4  startup_stm32f746xx.o [1]
  .text              ro code  0x08000e70    0x4  startup_stm32f746xx.o [1]
  .text              ro code  0x08000e74    0x4  startup_stm32f746xx.o [1]
  .text              ro code  0x08000e78    0x4  startup_stm32f746xx.o [1]
  .text              ro code  0x08000e7c    0x4  startup_stm32f746xx.o [1]
  .text              ro code  0x08000e80    0x4  startup_stm32f746xx.o [1]
  .text              ro code  0x08000e84    0x4  startup_stm32f746xx.o [1]
  .text              ro code  0x08000e88    0x4  startup_stm32f746xx.o [1]
  .text              ro code  0x08000e8c    0x4  startup_stm32f746xx.o [1]
  .text              ro code  0x08000e90    0x4  startup_stm32f746xx.o [1]
  .text              ro code  0x08000e94    0x4  startup_stm32f746xx.o [1]
  .text              ro code  0x08000e98    0x4  startup_stm32f746xx.o [1]
  .text              ro code  0x08000e9c    0x4  startup_stm32f746xx.o [1]
  .text              ro code  0x08000ea0    0x4  startup_stm32f746xx.o [1]
  .text              ro code  0x08000ea4    0x4  startup_stm32f746xx.o [1]
  .text              ro code  0x08000ea8    0x4  startup_stm32f746xx.o [1]
  .text              ro code  0x08000eac    0x4  startup_stm32f746xx.o [1]
  .text              ro code  0x08000eb0    0x4  startup_stm32f746xx.o [1]
  .text              ro code  0x08000eb4    0x4  startup_stm32f746xx.o [1]
  .text              ro code  0x08000eb8    0x4  startup_stm32f746xx.o [1]
  .text              ro code  0x08000ebc    0x4  startup_stm32f746xx.o [1]
  .text              ro code  0x08000ec0    0x4  startup_stm32f746xx.o [1]
  .text              ro code  0x08000ec4    0x4  startup_stm32f746xx.o [1]
  .text              ro code  0x08000ec8    0x4  startup_stm32f746xx.o [1]
  .text              ro code  0x08000ecc    0x4  startup_stm32f746xx.o [1]
  .text              ro code  0x08000ed0    0x4  startup_stm32f746xx.o [1]
  .text              ro code  0x08000ed4    0x4  startup_stm32f746xx.o [1]
  .text              ro code  0x08000ed8    0x4  startup_stm32f746xx.o [1]
  .text              ro code  0x08000edc    0x4  startup_stm32f746xx.o [1]
  .text              ro code  0x08000ee0    0x4  startup_stm32f746xx.o [1]
  .text              ro code  0x08000ee4    0x4  startup_stm32f746xx.o [1]
  .text              ro code  0x08000ee8    0x4  startup_stm32f746xx.o [1]
  .text              ro code  0x08000eec    0x4  startup_stm32f746xx.o [1]
  .text              ro code  0x08000ef0    0x4  startup_stm32f746xx.o [1]
  .text              ro code  0x08000ef4    0x4  startup_stm32f746xx.o [1]
  .rodata            const    0x08000ef8    0x0  copy_init3.o [5]
                            - 0x08000ef8  0xd30

"P2", part 1 of 2:                          0x8
  P2-1                        0x20000000    0x8  <Init block>
    .data            inited   0x20000000    0x4  system_stm32f7xx.o [1]
    .bss             inited   0x20000004    0x4  stm32f7xx_hal.o [1]
                            - 0x20000008    0x8

"P2", part 2 of 2:                        0x400
  CSTACK                      0x20000008  0x400  <Block>
    CSTACK           uninit   0x20000008  0x400  <Block tail>
                            - 0x20000408  0x400


*******************************************************************************
*** INIT TABLE
***

          Address     Size
          -------     ----
Copy (__iar_copy_init3)
    1 source range, total size 0x8:
          0x08000d5c   0x8
    1 destination range, total size 0x8:
          0x20000000   0x8



*******************************************************************************
*** MODULE SUMMARY
***

    Module                  ro code  ro data  rw data
    ------                  -------  -------  -------
D:\STM32F746NG_DISCOVERY\03-EXT_INTERRUPT\EWARM\EXT_INTERRUPT\Obj: [1]
    main.o                      456
    startup_stm32f746xx.o       876
    stm32f7xx_hal.o             104        4        4
    stm32f7xx_hal_cortex.o      222
    stm32f7xx_hal_gpio.o        528
    stm32f7xx_hal_msp.o         112
    stm32f7xx_hal_pwr_ex.o      118
    stm32f7xx_hal_rcc.o       1 060
    stm32f7xx_it.o               28
    system_stm32f7xx.o           96        4        4
    -------------------------------------------------
    Total:                    3 600        8        8

command line: [2]
    -------------------------------------------------
    Total:

dl7M_tlf.a: [3]
    exit.o                        4
    low_level_init.o              4
    -------------------------------------------------
    Total:                        8

m7M_tls.a: [4]
    fpinit_M.o                   34
    -------------------------------------------------
    Total:                       34

rt7M_tl.a: [5]
    cexit.o                      10
    cmain.o                      26
    copy_init3.o                 44
    cstartup_M.o                 12
    data_init.o                  40
    -------------------------------------------------
    Total:                      132

shb_l.a: [6]
    exit.o                       20
    -------------------------------------------------
    Total:                       20

    Gaps                          8        2
    Linker created                        20    1 024
-----------------------------------------------------
    Grand Total:              3 802       30    1 032


*******************************************************************************
*** ENTRY LIST
***

Entry                      Address   Size  Type      Object
-----                      -------   ----  ----      ------
.iar.init_table$$Base   0x08000cbc          --   Gb  - Linker created -
.iar.init_table$$Limit  0x08000cd0          --   Gb  - Linker created -
?main                   0x08000cfd         Code  Gb  cmain.o [5]
AHBPrescTable           0x08000c34   0x10  Data  Gb  system_stm32f7xx.o [1]
CSTACK$$Base            0x20000008          --   Gb  - Linker created -
CSTACK$$Limit           0x20000408          --   Gb  - Linker created -
EXTI15_10_IRQHandler    0x08000ce5    0x8  Code  Gb  stm32f7xx_it.o [1]
HAL_GPIO_EXTI_Callback  0x08000ab5    0x8  Code  Gb  main.o [1]
HAL_GPIO_EXTI_IRQHandler
                        0x080008c5   0x10  Code  Gb  stm32f7xx_hal_gpio.o [1]
HAL_GPIO_Init           0x08000701  0x1b4  Code  Gb  stm32f7xx_hal_gpio.o [1]
HAL_GPIO_TogglePin      0x080008bd    0x8  Code  Gb  stm32f7xx_hal_gpio.o [1]
HAL_GPIO_WritePin       0x080008b5    0x8  Code  Gb  stm32f7xx_hal_gpio.o [1]
HAL_GetTick             0x080005ed    0xc  Code  Wk  stm32f7xx_hal.o [1]
HAL_IncTick             0x08000ced   0x10  Code  Wk  stm32f7xx_hal.o [1]
HAL_Init                0x08000b51   0x20  Code  Gb  stm32f7xx_hal.o [1]
HAL_InitTick            0x080005f9   0x28  Code  Wk  stm32f7xx_hal.o [1]
HAL_MspInit             0x08000b75   0x70  Code  Gb  stm32f7xx_hal_msp.o [1]
HAL_NVIC_EnableIRQ      0x0800068f    0xc  Code  Gb  stm32f7xx_hal_cortex.o [1]
HAL_NVIC_SetPriority    0x08000655   0x3a  Code  Gb  stm32f7xx_hal_cortex.o [1]
HAL_NVIC_SetPriorityGrouping
                        0x0800063b   0x1a  Code  Gb  stm32f7xx_hal_cortex.o [1]
HAL_PWREx_EnableOverDrive
                        0x08000ad9   0x48  Code  Gb  stm32f7xx_hal_pwr_ex.o [1]
HAL_RCC_ClockConfig     0x08000491   0xdc  Code  Gb  stm32f7xx_hal_rcc.o [1]
HAL_RCC_GetHCLKFreq     0x080005c7    0x6  Code  Gb  stm32f7xx_hal_rcc.o [1]
HAL_RCC_GetSysClockFreq
                        0x08000581   0x46  Code  Gb  stm32f7xx_hal_rcc.o [1]
HAL_RCC_OscConfig       0x080001c9  0x2c8  Code  Gb  stm32f7xx_hal_rcc.o [1]
HAL_SYSTICK_CLKSourceConfig
                        0x080006cb   0x14  Code  Gb  stm32f7xx_hal_cortex.o [1]
HAL_SYSTICK_Callback    0x080006fd    0x2  Code  Wk  stm32f7xx_hal_cortex.o [1]
HAL_SYSTICK_Config      0x080006a3   0x28  Code  Gb  stm32f7xx_hal_cortex.o [1]
HAL_SYSTICK_IRQHandler  0x080006f9    0x4  Code  Gb  stm32f7xx_hal_cortex.o [1]
MX_GPIO_Init            0x080009bb   0x88  Code  Gb  main.o [1]
NVIC_SetPriority        0x08000621   0x1a  Code  Lc  stm32f7xx_hal_cortex.o [1]
PendSV_Handler          0x08000cd3    0x2  Code  Gb  stm32f7xx_it.o [1]
RCC_IRQHandler          0x08000ce3    0x2  Code  Gb  stm32f7xx_it.o [1]
Region$$Table$$Base     0x08000cbc          --   Gb  - Linker created -
Region$$Table$$Limit    0x08000cd0          --   Gb  - Linker created -
SVC_Handler             0x08000cd1    0x2  Code  Gb  stm32f7xx_it.o [1]
SysTick_Handler         0x08000cd5    0xe  Code  Gb  stm32f7xx_it.o [1]
SystemClock_Config      0x08000911   0xaa  Code  Gb  main.o [1]
SystemCoreClock         0x20000000    0x4  Data  Gb  system_stm32f7xx.o [1]
SystemInit              0x08000be5   0x3a  Code  Gb  system_stm32f7xx.o [1]
__cmain                 0x08000cfd         Code  Gb  cmain.o [5]
__exit                  0x08000d2d   0x14  Code  Gb  exit.o [6]
__iar_copy_init3        0x08000c45   0x2c  Code  Gb  copy_init3.o [5]
__iar_data_init3        0x08000c71   0x28  Code  Gb  data_init.o [5]
__iar_init_vfp          0x08000c99         Code  Gb  fpinit_M.o [4]
__iar_program_start     0x08000d51         Code  Gb  cstartup_M.o [5]
__low_level_init        0x08000d17    0x4  Code  Gb  low_level_init.o [3]
__vector_table          0x08000000         Data  Gb  startup_stm32f746xx.o [1]
_call_main              0x08000d09         Code  Gb  cmain.o [5]
_exit                   0x08000d21         Code  Gb  cexit.o [5]
_main                   0x08000d13         Code  Gb  cmain.o [5]
exit                    0x08000d1b    0x4  Code  Gb  exit.o [3]
main                    0x08000a43   0x68  Code  Gb  main.o [1]
uwTick                  0x20000004    0x4  Data  Gb  stm32f7xx_hal.o [1]


[1] = D:\STM32F746NG_DISCOVERY\03-EXT_INTERRUPT\EWARM\EXT_INTERRUPT\Obj
[2] = command line
[3] = dl7M_tlf.a
[4] = m7M_tls.a
[5] = rt7M_tl.a
[6] = shb_l.a

  3 802 bytes of readonly  code memory
     30 bytes of readonly  data memory
  1 032 bytes of readwrite data memory

Errors: none
Warnings: none
